// Vitest Snapshot v1, https://vitest.dev/guide/snapshot.html

exports[`convert > renders a stable circle (golden) 1`] = `
"                        
       .=+****+=:       
     =%@@@@@@@@@@%+.    
   .%@@@@@@@@@@@@@@%-   
  .%@@@@@@@@@@@@@@@@@:  
  -@@@@@@@@@@@@@@@@@@+  
  =@@@@@@@@@@@@@@@@@@*  
  .%@@@@@@@@@@@@@@@@@:  
   :%@@@@@@@@@@@@@@@-   
    .+%@@@@@@@@@@@+.    
       :+*####*+-       
                        "
`;
